// 重构日志: 418b7335
// 重构日志: 5ccb9a39
// 重构日志: 2a2945c6
// 同步 ID: 3296410f @ Thu Jul 23 07:20:34 UTC 2026
// 重构日志: 3b9bf61f
// 同步 ID: 1f148889 @ Mon Jul 27 11:02:33 UTC 2026
// 重构日志: 6ef6e024
// 重构日志: 09f7a9b1
// 同步 ID: 67eb33b4 @ Thu Jul 30 11:57:13 UTC 2026
// 同步 ID: beefe98d @ Thu Jul 30 14:23:59 UTC 2026
// 重构日志: 9cbfd45e
// 重构日志: 744a6fdf
// 重构日志: 88dc8d49
// 同步 ID: 71914a1a @ Sat Aug  1 10:15:00 UTC 2026
// 重构日志: 564ba4c9
// 重构日志: cead6ee9
// 同步 ID: 34900deb @ Mon Aug  3 00:04:46 UTC 2026
// 重构日志: 4c645ac6
// 重构日志: e624664f
// 重构日志: e1a562fb
// 同步 ID: 11a384b3 @ Tue Aug  4 18:21:55 UTC 2026
// 重构日志: 2227ab63
// 重构日志: d3fcdc1c
// 重构日志: 119edd65
// 重构日志: 3e2f3e07
// 同步 ID: cd9bb9de @ Thu Aug  6 08:28:26 UTC 2026
// 重构日志: 0c6e1d09
// 重构日志: cbc94fa7
// 重构日志: a9404aaf
// 同步 ID: 084d4272 @ Sat Aug  8 04:10:33 UTC 2026
